⚠ The "middleware" file convention is deprecated. Please use "proxy" instead.

  To migrate automatically, run:
  npx @next/codemod@canary middleware-to-proxy .

  Learn more: https://nextjs.org/docs/messages/middleware-to-proxy
[browser] Image with src "http://localhost:3001/images/logo/westhome-logo.png?w=3840" has "fill" but is missing "sizes" prop. Please add it to improve page performance. Read more: https://nextjs.org/docs/api-reference/next/image#sizes
[browser] Image with src "http://localhost:3001/images/logo/westhome-logo.png?w=3840" has "fill" but is missing "sizes" prop. Please add it to improve page performance. Read more: https://nextjs.org/docs/api-reference/next/image#sizes
[browser] Image with src "http://localhost:3001/images/logo/westhome-logo.png?w=3840" has "fill" but is missing "sizes" prop. Please add it to improve page performance. Read more: https://nextjs.org/docs/api-reference/next/image#sizes
[browser] Image with src "http://localhost:3001/images/logo/westhome-logo.png?w=3840" has "fill" but is missing "sizes" prop. Please add it to improve page performance. Read more: https://nextjs.org/docs/api-reference/next/image#sizes
[browser] ./src/components/ui/IntroAnimation.tsx:84:7
Error: Expected a single child of type JSXExpressionContainer under JSX Style tag.
    Read more: https://nextjs.org/docs/messages/invalid-styled-jsx-children
  82 |         </div>
  83 |       )}
> 84 |       <style jsx global>{}</style>
     |       ^^^^^^^^^^^^^^^^^^^^^^^^^^^^
  85 |     </>
  86 |   );
  87 | }

Ecmascript file had an error

Import traces:
  Client Component Browser:
    ./src/components/ui/IntroAnimation.tsx [Client Component Browser]
    ./src/app/(shop)/layout.tsx [Client Component Browser]
    ./src/app/(shop)/layout.tsx [Server Component]

  Client Component SSR:
    ./src/components/ui/IntroAnimation.tsx [Client Component SSR]
    ./src/app/(shop)/layout.tsx [Client Component SSR]
    ./src/app/(shop)/layout.tsx [Server Component] 
[browser] ./src/components/ui/IntroAnimation.tsx:84:7
Error: Expected a single child of type JSXExpressionContainer under JSX Style tag.
    Read more: https://nextjs.org/docs/messages/invalid-styled-jsx-children
  82 |         </div>
  83 |       )}
> 84 |       <style jsx global>{}</style>
     |       ^^^^^^^^^^^^^^^^^^^^^^^^^^^^
  85 |     </>
  86 |   );
  87 | }

Ecmascript file had an error

Import traces:
  Client Component Browser:
    ./src/components/ui/IntroAnimation.tsx [Client Component Browser]
    ./src/app/(shop)/layout.tsx [Client Component Browser]
    ./src/app/(shop)/layout.tsx [Server Component]

  Client Component SSR:
    ./src/components/ui/IntroAnimation.tsx [Client Component SSR]
    ./src/app/(shop)/layout.tsx [Client Component SSR]
    ./src/app/(shop)/layout.tsx [Server Component] 
[browser] ./src/components/ui/IntroAnimation.tsx:84:7
Error: Expected a single child of type JSXExpressionContainer under JSX Style tag.
    Read more: https://nextjs.org/docs/messages/invalid-styled-jsx-children
  82 |         </div>
  83 |       )}
> 84 |       <style jsx global>{}</style>
     |       ^^^^^^^^^^^^^^^^^^^^^^^^^^^^
  85 |     </>
  86 |   );
  87 | }

Ecmascript file had an error

Import traces:
  Client Component Browser:
    ./src/components/ui/IntroAnimation.tsx [Client Component Browser]
    ./src/app/(shop)/layout.tsx [Client Component Browser]
    ./src/app/(shop)/layout.tsx [Server Component]

  Client Component SSR:
    ./src/components/ui/IntroAnimation.tsx [Client Component SSR]
    ./src/app/(shop)/layout.tsx [Client Component SSR]
    ./src/app/(shop)/layout.tsx [Server Component] 
[browser] Image with src "http://localhost:3001/images/logo/westhome-logo.png?w=3840" has "fill" but is missing "sizes" prop. Please add it to improve page performance. Read more: https://nextjs.org/docs/api-reference/next/image#sizes
⨯ The directory at "C:\Users\Lenovo\Documents\New folder\westhome\.next" was deleted.

Deleting this directory while Next.js is running can lead to undefined behavior. Restarting the server to recover...
⚠ The "middleware" file convention is deprecated. Please use "proxy" instead.

  To migrate automatically, run:
  npx @next/codemod@canary middleware-to-proxy .

  Learn more: https://nextjs.org/docs/messages/middleware-to-proxy
